[05-12-2025] Método: GET. Url: /
[05-12-2025 20:32] Método: GET. Url: /api/users
[05-12-2025 21:26] Método: GET. Url: /api/autores
[05-12-2025 21:27] Método: GET. Url: /api/autores
[05-12-2025 21:29] Método: GET. Url: /api/autores
[05-12-2025 21:45] Método: POST. Url: /api/autores
[05-12-2025 22:22] Método: GET. Url: /api/autores
[05-12-2025 22:42] Método: PUT. Url: /api/autores/3
[05-12-2025 22:43] Método: GET. Url: /api/autores
[05-12-2025 22:44] Método: PUT. Url: /api/autores/3
[05-12-2025 22:51] Método: PUT. Url: /api/autores/3
[05-12-2025 23:02] Método: DELETE. Url: /api/autores/3
[05-12-2025 23:03] Método: DELETE. Url: /api/autores/3
[06-12-2025 08:52] Método: GET. Url: /api/posts
[06-12-2025 08:56] Método: GET. Url: /api/posts
[06-12-2025 08:58] Método: POST. Url: /api/autores
[06-12-2025 09:00] Método: PUT. Url: /api/posts/3
[06-12-2025 09:06] Método: POST. Url: /api/posts
[06-12-2025 09:07] Método: POST. Url: /api/posts
[06-12-2025 09:08] Método: POST. Url: /api/posts
[06-12-2025 09:08] Método: POST. Url: /api/posts
[06-12-2025 09:11] Método: POST. Url: /api/posts
[06-12-2025 09:14] Método: POST. Url: /api/posts
[06-12-2025 09:18] Método: PUT. Url: /api/posts/3
[06-12-2025 09:19] Método: PUT. Url: /api/posts/3
[06-12-2025 09:21] Método: PUT. Url: /api/posts/3
[06-12-2025 09:24] Método: DELETE. Url: /api/posts/3
[06-12-2025 09:24] Método: DELETE. Url: /api/posts/3
[06-12-2025 09:28] Método: GET. Url: /api/posts
[06-12-2025 09:39] Método: PUT. Url: /api/posts/3
[06-12-2025 09:39] Método: PUT. Url: /api/posts/2
[06-12-2025 09:42] Método: GET. Url: /api/posts
[06-12-2025 09:43] Método: PUT. Url: /api/posts/2
[06-12-2025 09:52] Método: GET. Url: /api/posts/2
[06-12-2025 09:52] Método: GET. Url: /api/posts/2
[06-12-2025 09:53] Método: GET. Url: /api/posts/2
[06-12-2025 09:54] Método: GET. Url: /api/posts/2
[06-12-2025 09:55] Método: GET. Url: /api/posts
[06-12-2025 09:57] Método: GET. Url: /api/posts/autor/2
[06-12-2025 09:59] Método: GET. Url: /api/posts/autor/2
[06-12-2025 10:03] Método: GET. Url: /api/posts/autor/2
[06-12-2025 10:05] Método: GET. Url: /api/posts/autor/2
[06-12-2025 10:08] Método: GET. Url: /api/posts/autor/2
[06-12-2025 10:11] Método: GET. Url: /api/posts/autor/2
[06-12-2025 10:11] Método: GET. Url: /api/posts/autor/2
[06-12-2025 10:13] Método: GET. Url: /api/posts/autor/2
[06-12-2025 10:16] Método: GET. Url: /api/posts/autor/2
[06-12-2025 10:19] Método: GET. Url: /api/posts/autor/2
[06-12-2025 10:23] Método: GET. Url: /api/posts/autor/2
[06-12-2025 10:28] Método: GET. Url: /api/posts/autor/2
[06-12-2025 12:18] Método: GET. Url: /api/posts/autor/2
[06-12-2025 12:20] Método: GET. Url: /api/posts/autor/2
[06-12-2025 12:20] Método: GET. Url: /api/posts/autor/2
[06-12-2025 12:23] Método: GET. Url: /api/posts/autor/2
[06-12-2025 12:24] Método: GET. Url: /api/posts/autor/2
[06-12-2025 12:25] Método: GET. Url: /api/posts/autor/2
[06-12-2025 12:26] Método: GET. Url: /api/posts/autor/2
[07-12-2025 08:16] Método: GET. Url: /api/autores
[07-12-2025 08:17] Método: GET. Url: /api/posts
[07-12-2025 08:17] Método: GET. Url: /api/posts/autor/2
[07-12-2025 08:21] Método: GET. Url: /api/autores
[07-12-2025 08:22] Método: POST. Url: /api/autores
[07-12-2025 08:23] Método: GET. Url: /api/autores/3
[07-12-2025 08:23] Método: GET. Url: /api/autores/2
[07-12-2025 08:31] Método: GET. Url: /api/autores/getById/2
[07-12-2025 08:32] Método: GET. Url: /api/autores
[07-12-2025 08:32] Método: GET. Url: /api/autores/getById/2
[07-12-2025 08:32] Método: GET. Url: /api/autores
[07-12-2025 08:33] Método: GET. Url: /api/autores/getById/2
[07-12-2025 08:34] Método: GET. Url: /api/autores/getById/2
[07-12-2025 08:34] Método: GET. Url: /api/autores
[07-12-2025 08:34] Método: POST. Url: /api/autores
[07-12-2025 08:35] Método: GET. Url: /api/autores
[07-12-2025 08:35] Método: PUT. Url: /api/autores/5
[07-12-2025 08:35] Método: DELETE. Url: /api/autores/6
[07-12-2025 08:35] Método: DELETE. Url: /api/autores/6
[07-12-2025 08:36] Método: PUT. Url: /api/autores/5
[07-12-2025 08:36] Método: GET. Url: /api/autores/getById/2
[07-12-2025 08:36] Método: GET. Url: /api/autores
[07-12-2025 08:42] Método: GET. Url: /api/posts
[07-12-2025 08:45] Método: GET. Url: /api/posts
[07-12-2025 08:45] Método: GET. Url: /api/posts/getById/4
[07-12-2025 08:46] Método: GET. Url: /api/posts/autor/2
[07-12-2025 08:47] Método: POST. Url: /api/posts
[07-12-2025 08:47] Método: GET. Url: /api/posts
[07-12-2025 08:48] Método: PUT. Url: /api/posts/4
[07-12-2025 08:48] Método: DELETE. Url: /api/posts/4
[07-12-2025 08:48] Método: DELETE. Url: /api/posts/4
[07-12-2025 08:48] Método: GET. Url: /api/posts
[07-12-2025 08:53] Método: GET. Url: /api/posts
[07-12-2025 08:53] Método: GET. Url: /api/posts/getById/4
[07-12-2025 08:53] Método: GET. Url: /api/posts/getById/6
[07-12-2025 08:53] Método: GET. Url: /api/posts/autor/2
[07-12-2025 08:53] Método: GET. Url: /api/posts/autor/4
[22-05-2026 08:27] Método: GET. Url: /api/autores
[22-05-2026 08:27] Método: GET. Url: /favicon.ico
[22-05-2026 08:37] Método: GET. Url: /api/autores/getById/1
[22-05-2026 08:55] Método: GET. Url: /api/autores/getById/1
[22-05-2026 08:56] Método: GET. Url: /api/autores/getById/1
[22-05-2026 09:05] Método: POST. Url: /api/autores
[22-05-2026 09:10] Método: PUT. Url: /api/autores/8
[22-05-2026 09:13] Método: DELETE. Url: /api/autores/8
[22-05-2026 09:16] Método: GET. Url: /api/posts
[22-05-2026 09:25] Método: GET. Url: /api/posts/getById/2
[22-05-2026 09:36] Método: GET. Url: /api/posts/autor/2
[22-05-2026 09:38] Método: GET. Url: /api/posts/autor/2ssdfsf
[22-05-2026 09:38] Método: GET. Url: /api/posts/autor/2
[22-05-2026 09:48] Método: DELETE. Url: /api/posts
[22-05-2026 09:48] Método: POST. Url: /api/posts
[22-05-2026 09:54] Método: PUT. Url: /api/posts/4
[22-05-2026 09:55] Método: PUT. Url: /api/posts/6
[22-05-2026 09:57] Método: DELETE. Url: /api/posts/6
[22-05-2026 11:12] Método: POST. Url: /api/posts
[22-05-2026 11:14] Método: POST. Url: /api/posts
[22-05-2026 11:17] Método: POST. Url: /api/posts
[22-05-2026 11:19] Método: POST. Url: /api/posts
[22-05-2026 11:20] Método: GET. Url: /api/posts
[22-05-2026 11:24] Método: GET. Url: /api/posts
[22-05-2026 11:24] Método: GET. Url: /favicon.ico
[22-05-2026 11:24] Método: GET. Url: /api/posts
[22-05-2026 11:24] Método: GET. Url: /api/posts/getById/6
[22-05-2026 11:25] Método: GET. Url: /api/posts/getById/10
[22-05-2026 11:25] Método: GET. Url: /api/posts/autor/2
[22-05-2026 11:28] Método: GET. Url: /api/posts/autor/2
[22-05-2026 11:31] Método: PUT. Url: /api/posts/10
[22-05-2026 11:32] Método: DELETE. Url: /api/posts/10
[22-05-2026 11:37] Método: GET. Url: /api/autores
[22-05-2026 11:37] Método: GET. Url: /api/autores/getById/2
[22-05-2026 11:37] Método: POST. Url: /api/autores
[22-05-2026 11:38] Método: POST. Url: /api/autores
[22-05-2026 11:40] Método: PUT. Url: /api/autores/9
[22-05-2026 11:40] Método: DELETE. Url: /api/autores/9
